  Scanning sources for module dependencies...
main.obj : error LNK2019: unresolved external symbol "public: __thiscall sf::String::String(char const *,class std::locale const &)" (??0String@sf@@QAE@PBDABVlocale@std@@@Z) referenced in function _main
main.obj : error LNK2019: unresolved external symbol "public: __thiscall sf::VideoMode::VideoMode(unsigned int,unsigned int,unsigned int)" (??0VideoMode@sf@@QAE@III@Z) referenced in function _main
main.obj : error LNK2019: unresolved external symbol "public: bool __thiscall sf::WindowBase::isOpen(void)const " (?isOpen@WindowBase@sf@@QBE_NXZ) referenced in function _main
main.obj : error LNK2019: unresolved external symbol "public: bool __thiscall sf::WindowBase::pollEvent(class sf::Event &)" (?pollEvent@WindowBase@sf@@QAE_NAAVEvent@2@@Z) referenced in function _main
main.obj : error LNK2019: unresolved external symbol "public: virtual void __thiscall sf::Window::close(void)" (?close@Window@sf@@UAEXXZ) referenced in function _main
main.obj : error LNK2019: unresolved external symbol "public: void __thiscall sf::Window::display(void)" (?display@Window@sf@@QAEXXZ) referenced in function _main
main.obj : error LNK2019: unresolved external symbol "public: __thiscall sf::Color::Color(unsigned char,unsigned char,unsigned char,unsigned char)" (??0Color@sf@@QAE@EEEE@Z) referenced in function "void __cdecl draw_line(class Vec2i,class Vec2i,class sf::VertexArray &,float,struct Vertex,struct Vertex,struct Vertex)" (?draw_line@@YAXVVec2i@@0AAVVertexArray@sf@@MUVertex@@22@Z)
main.obj : error LNK2019: unresolved external symbol "public: __thiscall sf::VertexArray::VertexArray(enum sf::PrimitiveType,unsigned int)" (??0VertexArray@sf@@QAE@W4PrimitiveType@1@I@Z) referenced in function _main
main.obj : error LNK2019: unresolved external symbol "public: class sf::Vertex & __thiscall sf::VertexArray::operator[](unsigned int)" (??AVertexArray@sf@@QAEAAVVertex@1@I@Z) referenced in function "void __cdecl draw_line(class Vec2i,class Vec2i,class sf::VertexArray &,float,struct Vertex,struct Vertex,struct Vertex)" (?draw_line@@YAXVVec2i@@0AAVVertexArray@sf@@MUVertex@@22@Z)
main.obj : error LNK2019: unresolved external symbol "public: __thiscall sf::Image::~Image(void)" (??1Image@sf@@QAE@XZ) referenced in function _main
main.obj : error LNK2019: unresolved external symbol "public: class sf::Vector2<unsigned int> __thiscall sf::Image::getSize(void)const " (?getSize@Image@sf@@QBE?AV?$Vector2@I@2@XZ) referenced in function "void __cdecl draw_line(class Vec2i,class Vec2i,class sf::VertexArray &,float,struct Vertex,struct Vertex,struct Vertex)" (?draw_line@@YAXVVec2i@@0AAVVertexArray@sf@@MUVertex@@22@Z)
main.obj : error LNK2019: unresolved external symbol "public: class sf::Color __thiscall sf::Image::getPixel(unsigned int,unsigned int)const " (?getPixel@Image@sf@@QBE?AVColor@2@II@Z) referenced in function "void __cdecl draw_line(class Vec2i,class Vec2i,class sf::VertexArray &,float,struct Vertex,struct Vertex,struct Vertex)" (?draw_line@@YAXVVec2i@@0AAVVertexArray@sf@@MUVertex@@22@Z)
main.obj : error LNK2019: unresolved external symbol "public: __thiscall sf::Texture::Texture(void)" (??0Texture@sf@@QAE@XZ) referenced in function _main
main.obj : error LNK2019: unresolved external symbol "public: __thiscall sf::Texture::~Texture(void)" (??1Texture@sf@@QAE@XZ) referenced in function _main
main.obj : error LNK2019: unresolved external symbol "public: bool __thiscall sf::Texture::loadFromFile(class std::basic_string<char,struct std::char_traits<char>,class std::allocator<char> > const &,class sf::Rect<int> const &)" (?loadFromFile@Texture@sf@@QAE_NABV?$basic_string@DU?$char_traits@D@std@@V?$allocator@D@2@@std@@ABV?$Rect@H@2@@Z) referenced in function _main
main.obj : error LNK2019: unresolved external symbol "public: class sf::Image __thiscall sf::Texture::copyToImage(void)const " (?copyToImage@Texture@sf@@QBE?AVImage@2@XZ) referenced in function _main
main.obj : error LNK2019: unresolved external symbol "public: void __thiscall sf::RenderTarget::clear(class sf::Color const &)" (?clear@RenderTarget@sf@@QAEXABVColor@2@@Z) referenced in function _main
main.obj : error LNK2019: unresolved external symbol "public: void __thiscall sf::RenderTarget::draw(class sf::Drawable const &,class sf::RenderStates const &)" (?draw@RenderTarget@sf@@QAEXABVDrawable@2@ABVRenderStates@2@@Z) referenced in function _main
main.obj : error LNK2019: unresolved external symbol "public: __thiscall sf::RenderWindow::RenderWindow(class sf::VideoMode,class sf::String const &,unsigned int,struct sf::ContextSettings const &)" (??0RenderWindow@sf@@QAE@VVideoMode@1@ABVString@1@IABUContextSettings@1@@Z) referenced in function _main
main.obj : error LNK2019: unresolved external symbol "public: virtual __thiscall sf::RenderWindow::~RenderWindow(void)" (??1RenderWindow@sf@@UAE@XZ) referenced in function _main
main.obj : error LNK2019: unresolved external symbol "public: __thiscall Assimp::Importer::Importer(void)" (??0Importer@Assimp@@QAE@XZ) referenced in function _main
main.obj : error LNK2019: unresolved external symbol "public: __thiscall Assimp::Importer::~Importer(void)" (??1Importer@Assimp@@QAE@XZ) referenced in function _main
main.obj : error LNK2019: unresolved external symbol "public: struct aiScene const * __thiscall Assimp::Importer::ReadFile(char const *,unsigned int)" (?ReadFile@Importer@Assimp@@QAEPBUaiScene@@PBDI@Z) referenced in function _main
main.obj : error LNK2019: unresolved external symbol "public: char const * __thiscall Assimp::Importer::GetErrorString(void)const " (?GetErrorString@Importer@Assimp@@QBEPBDXZ) referenced in function _main
main.obj : error LNK2001: unresolved external symbol "public: static class sf::RenderStates const sf::RenderStates::Default" (?Default@RenderStates@sf@@2V12@B)
main.obj : error LNK2001: unresolved external symbol "public: static class sf::Color const sf::Color::Black" (?Black@Color@sf@@2V12@B)
main.obj : error LNK2001: unresolved external symbol "public: static class sf::Color const sf::Color::White" (?White@Color@sf@@2V12@B)
E:\dev\GitHub\My\SoftwareRenderer\ThirdParty\SFML\lib\sfml-graphics-s-d.lib : warning LNK4272: library machine type 'x64' conflicts with target machine type 'x86'
E:\dev\GitHub\My\SoftwareRenderer\ThirdParty\SFML\lib\sfml-window-s-d.lib : warning LNK4272: library machine type 'x64' conflicts with target machine type 'x86'
E:\dev\GitHub\My\SoftwareRenderer\ThirdParty\SFML\lib\sfml-system-s-d.lib : warning LNK4272: library machine type 'x64' conflicts with target machine type 'x86'
E:\dev\GitHub\My\SoftwareRenderer\ThirdParty\assimp\lib\x64\assimp-vc143-mt.lib : warning LNK4272: library machine type 'x64' conflicts with target machine type 'x86'
E:\dev\GitHub\My\SoftwareRenderer\ThirdParty\SFML\lib\freetype.lib : warning LNK4272: library machine type 'x64' conflicts with target machine type 'x86'
E:\dev\GitHub\My\SoftwareRenderer\Debug\SoftwareRenderer.exe : fatal error LNK1120: 27 unresolved externals
